x86_64-w64-mingw32-g++ -std=c++20 -Wall -Wextra -Wpedantic -MMD -MP -Isrc -Ithirdparty -Ithirdparty/glad -Ithirdparty/GLFW -Ithirdparty/glm -Ithirdparty/tinyfiledialogs -Ithirdparty/lua -c src/core/scripting/lua_engine.cpp -o build/obj/core/scripting/lua_engine.o
x86_64-w64-mingw32-g++ -std=c++20 -Wall -Wextra -Wpedantic -MMD -MP -Isrc -Ithirdparty -Ithirdparty/glad -Ithirdparty/GLFW -Ithirdparty/glm -Ithirdparty/tinyfiledialogs -Ithirdparty/lua -c src/core/util/util.cpp -o build/obj/core/util/util.o
x86_64-w64-mingw32-g++ -std=c++20 -Wall -Wextra -Wpedantic -MMD -MP build/obj/main.o build/obj/scene/basic_scene.o build/obj/core/scene/scene_manager.o build/obj/core/scene/editor.o build/obj/core/scene/environment.o build/obj/core/window/window.o build/obj/core/renderer/shader.o build/obj/core/renderer/shader_program.o build/obj/core/renderer/buffer.o build/obj/core/renderer/vertex_array.o build/obj/core/renderer/mesh/mesh.o build/obj/core/renderer/mesh/mesh_manager.o build/obj/core/renderer/mesh/mesh_renderer.o build/obj/core/camera/camera.o build/obj/core/input/action_map.o build/obj/core/input/input_system.o build/obj/core/scripting/lua_engine.o build/obj/core/scripting/lua_flags.o build/obj/core/scripting/lua_script.o build/obj/core/scripting/inputs/lua_input_bindings.o build/obj/core/scripting/camera/lua_camera.o build/obj/core/scripting/vector/lua_vector3.o build/obj/core/util/util.o build/obj/core/lighting/light.o build/obj/core/lighting/lighting.o build/obj/core/model_loading/obj_loader.o build/obj/core/model_loading/voxelizer.o build/obj/nodes/voxel.o build/obj/nodes/mesh_instance_3d.o build/obj/nodes/node3d.o build/obj/nodes/node.o build/obj/nodes/light_3d.o build/obj/tinyfiledialogs.o build/obj/glad.o build/obj/lua/lapi.o build/obj/lua/lauxlib.o build/obj/lua/lbaselib.o build/obj/lua/lcode.o build/obj/lua/lcorolib.o build/obj/lua/lctype.o build/obj/lua/ldblib.o build/obj/lua/ldebug.o build/obj/lua/ldo.o build/obj/lua/ldump.o build/obj/lua/lfunc.o build/obj/lua/lgc.o build/obj/lua/linit.o build/obj/lua/liolib.o build/obj/lua/llex.o build/obj/lua/lmathlib.o build/obj/lua/lmem.o build/obj/lua/loadlib.o build/obj/lua/lobject.o build/obj/lua/lopcodes.o build/obj/lua/loslib.o build/obj/lua/lparser.o build/obj/lua/lstate.o build/obj/lua/lstring.o build/obj/lua/lstrlib.o build/obj/lua/ltable.o build/obj/lua/ltablib.o build/obj/lua/ltm.o build/obj/lua/lundump.o build/obj/lua/lutf8lib.o build/obj/lua/lvm.o build/obj/lua/lzio.o -o build/voxelfox.exe -Lthirdparty -lglfw3dll -lopengl32 -lgdi32 -lole32 -lcomdlg32
